dotnet ef database drop -p Infrastructure -s API

dotnet ef migrations remove -p Infrastructure -s API

dotnet ef migrations add InitialCreate -p Infrastructure -s API -o Data/Migrations


Microsoft.EntityFrameworkCore

dotnet ef migrations add InitialCreate -o Data/Migrations

<PackageReference Include="Microsoft.EntityFrameworkCore.Design" Version="3.1.3">
      <PrivateAssets>all</PrivateAssets>
      <IncludeAssets>runtime; build; native; contentfiles; analyzers; buildtransitive</IncludeAssets>
    </PackageReference>

03/28/2019  11:26 AM    <DIR>          Vidly
05/10/2019  10:16 AM    <DIR>          VidlyNew
05/18/2019  07:40 AM    <DIR>          Vidly_ID
06/15/2019  05:44 PM    <DIR>          Vidzy
05/15/2019  01:29 PM    <DIR>          __MACOSX
               1 File(s)         22,593 bytes
              27 Dir(s)  818,090,835,968 bytes free

E:\repos>cd skinet

E:\repos\skinet>dotnet -h
.NET Core SDK (3.1.201)
Usage: dotnet [runtime-options] [path-to-application] [arguments]

Execute a .NET Core application.

runtime-options:
  --additionalprobingpath <path>   Path containing probing policy and assemblies to probe for.
  --additional-deps <path>         Path to additional deps.json file.
  --fx-version <version>           Version of the installed Shared Framework to use to run the application.
  --roll-forward <setting>         Roll forward to framework version  (LatestPatch, Minor, LatestMinor, Major, LatestMajor, Disable).

path-to-application:
  The path to an application .dll file to execute.

Usage: dotnet [sdk-options] [command] [command-options] [arguments]

Execute a .NET Core SDK command.

sdk-options:
  -d|--diagnostics  Enable diagnostic output.
  -h|--help         Show command line help.
  --info            Display .NET Core information.
  --list-runtimes   Display the installed runtimes.
  --list-sdks       Display the installed SDKs.
  --version         Display .NET Core SDK version in use.

SDK commands:
  add               Add a package or reference to a .NET project.
  build             Build a .NET project.
  build-server      Interact with servers started by a build.
  clean             Clean build outputs of a .NET project.
  help              Show command line help.
  list              List project references of a .NET project.
  msbuild           Run Microsoft Build Engine (MSBuild) commands.
  new               Create a new .NET project or file.
  nuget             Provides additional NuGet commands.
  pack              Create a NuGet package.
  publish           Publish a .NET project for deployment.
  remove            Remove a package or reference from a .NET project.
  restore           Restore dependencies specified in a .NET project.
  run               Build and run a .NET project output.
  sln               Modify Visual Studio solution files.
  store             Store the specified assemblies in the runtime package store.
  test              Run unit tests using the test runner specified in a .NET project.
  tool              Install or manage tools that extend the .NET experience.
  vstest            Run Microsoft Test Engine (VSTest) commands.

Additional commands from bundled tools:
  dev-certs         Create and manage development certificates.
  fsi               Start F# Interactive / execute F# scripts.
  sql-cache         SQL Server cache command-line tools.
  user-secrets      Manage development user secrets.
  watch             Start a file watcher that runs a command when files change.

Run 'dotnet [command] --help' for more information on a command.

E:\repos\skinet>dotnet new sln

Welcome to .NET Core 3.1!
---------------------
SDK Version: 3.1.201

Telemetry
---------
The .NET Core tools collect usage data in order to help us improve your experience. The data is anonymous. It is collected by Microsoft and shared with the community. You can opt-out of telemetry by setting the DOTNET_CLI_TELEMETRY_OPTOUT environment variable to '1' or 'true' using your favorite shell.

Read more about .NET Core CLI Tools telemetry: https://aka.ms/dotnet-cli-telemetry

----------------
Explore documentation: https://aka.ms/dotnet-docs
Report issues and find source on GitHub: https://github.com/dotnet/core
Find out what's new: https://aka.ms/dotnet-whats-new
Learn about the installed HTTPS developer cert: https://aka.ms/aspnet-core-https
Use 'dotnet --help' to see available commands or visit: https://aka.ms/dotnet-cli-docs
Write your first app: https://aka.ms/first-net-core-app
--------------------------------------------------------------------------------------
Getting ready...
The template "Solution File" was created successfully.

E:\repos\skinet>dir
 Volume in drive E is Seagate Backup Plus Drive
 Volume Serial Number is 5EDF-4160

 Directory of E:\repos\skinet

04/03/2020  09:32 AM    <DIR>          .
04/03/2020  09:32 AM    <DIR>          ..
04/03/2020  09:32 AM               540 skinet.sln
               1 File(s)            540 bytes
               2 Dir(s)  818,090,704,896 bytes free

E:\repos\skinet>dotnet new webapi -o API
The template "ASP.NET Core Web API" was created successfully.

Processing post-creation actions...
Running 'dotnet restore' on API\API.csproj...
  Restore completed in 174.99 ms for E:\repos\skinet\API\API.csproj.

Restore succeeded.


E:\repos\skinet>dir
 Volume in drive E is Seagate Backup Plus Drive
 Volume Serial Number is 5EDF-4160

 Directory of E:\repos\skinet

04/03/2020  09:33 AM    <DIR>          .
04/03/2020  09:33 AM    <DIR>          ..
04/03/2020  09:33 AM    <DIR>          API
04/03/2020  09:32 AM               540 skinet.sln
               1 File(s)            540 bytes
               3 Dir(s)  818,090,672,128 bytes free

E:\repos\skinet>dotnet sln add API
Project `API\API.csproj` added to the solution.

E:\repos\skinet>dotnet sln list
Project(s)
----------
API\API.csproj

E:\repos\skinet>dotnet dev-certs https
A valid HTTPS certificate is already present.

E:\repos\skinet>dotnet dev-certs https -t
Trusting the HTTPS development certificate was requested. A confirmation prompt will be displayed if the certificate was not previously trusted. Click yes on the prompt to trust the certificate.
A valid HTTPS certificate is already present.

E:\repos\skinet>dotnet

Usage: dotnet [options]
Usage: dotnet [path-to-application]

Options:
  -h|--help         Display help.
  --info            Display .NET Core information.
  --list-sdks       Display the installed SDKs.
  --list-runtimes   Display the installed runtimes.

path-to-application:
  The path to an application .dll file to execute.

E:\repos\skinet>dotnet version
Could not execute because the specified command or file was not found.
Possible reasons for this include:
  * You misspelled a built-in dotnet command.
  * You intended to execute a .NET Core program, but dotnet-version does not exist.
  * You intended to run a global tool, but a dotnet-prefixed executable with this name could not be found on the PATH.

E:\repos\skinet>dotnet --version
3.1.201

E:\repos\skinet>dotnet --info
.NET Core SDK (reflecting any global.json):
 Version:   3.1.201
 Commit:    b1768b4ae7

Runtime Environment:
 OS Name:     Windows
 OS Version:  10.0.18363
 OS Platform: Windows
 RID:         win10-x64
 Base Path:   C:\Program Files\dotnet\sdk\3.1.201\

Host (useful for support):
  Version: 3.1.3
  Commit:  4a9f85e9f8

.NET Core SDKs installed:
  2.2.401 [C:\Program Files\dotnet\sdk]
  3.1.201 [C:\Program Files\dotnet\sdk]

.NET Core runtimes installed:
  Microsoft.AspNetCore.All 2.1.2 [C:\Program Files\dotnet\shared\Microsoft.AspNetCore.All]
  Microsoft.AspNetCore.All 2.1.4 [C:\Program Files\dotnet\shared\Microsoft.AspNetCore.All]
  Microsoft.AspNetCore.All 2.1.17 [C:\Program Files\dotnet\shared\Microsoft.AspNetCore.All]
  Microsoft.AspNetCore.All 2.2.3 [C:\Program Files\dotnet\shared\Microsoft.AspNetCore.All]
  Microsoft.AspNetCore.All 2.2.6 [C:\Program Files\dotnet\shared\Microsoft.AspNetCore.All]
  Microsoft.AspNetCore.All 2.2.8 [C:\Program Files\dotnet\shared\Microsoft.AspNetCore.All]
  Microsoft.AspNetCore.App 2.1.2 [C:\Program Files\dotnet\shared\Microsoft.AspNetCore.App]
  Microsoft.AspNetCore.App 2.1.4 [C:\Program Files\dotnet\shared\Microsoft.AspNetCore.App]
  Microsoft.AspNetCore.App 2.1.17 [C:\Program Files\dotnet\shared\Microsoft.AspNetCore.App]
  Microsoft.AspNetCore.App 2.2.3 [C:\Program Files\dotnet\shared\Microsoft.AspNetCore.App]
  Microsoft.AspNetCore.App 2.2.6 [C:\Program Files\dotnet\shared\Microsoft.AspNetCore.App]
  Microsoft.AspNetCore.App 2.2.8 [C:\Program Files\dotnet\shared\Microsoft.AspNetCore.App]
  Microsoft.AspNetCore.App 3.1.3 [C:\Program Files\dotnet\shared\Microsoft.AspNetCore.App]
  Microsoft.NETCore.App 2.1.2 [C:\Program Files\dotnet\shared\Microsoft.NETCore.App]
  Microsoft.NETCore.App 2.1.17 [C:\Program Files\dotnet\shared\Microsoft.NETCore.App]
  Microsoft.NETCore.App 2.2.3 [C:\Program Files\dotnet\shared\Microsoft.NETCore.App]
  Microsoft.NETCore.App 2.2.6 [C:\Program Files\dotnet\shared\Microsoft.NETCore.App]
  Microsoft.NETCore.App 2.2.8 [C:\Program Files\dotnet\shared\Microsoft.NETCore.App]
  Microsoft.NETCore.App 3.1.3 [C:\Program Files\dotnet\shared\Microsoft.NETCore.App]
  Microsoft.WindowsDesktop.App 3.1.3 [C:\Program Files\dotnet\shared\Microsoft.WindowsDesktop.App]

To install additional .NET Core runtimes or SDKs:
  https://aka.ms/dotnet-download

E:\repos\skinet>dotnet tool update --global dotnet-ef --version 3.1.3
Tool 'dotnet-ef' was successfully updated from version '3.0.0' to version '3.1.3'.

E:\repos\skinet>dotnet new classlib -o Core
The template "Class library" was created successfully.

Processing post-creation actions...
Running 'dotnet restore' on Core\Core.csproj...
  Restore completed in 269.6 ms for E:\repos\skinet\Core\Core.csproj.

Restore succeeded.


E:\repos\skinet>dir
 Volume in drive E is Seagate Backup Plus Drive
 Volume Serial Number is 5EDF-4160

 Directory of E:\repos\skinet

04/03/2020  02:16 PM    <DIR>          .
04/03/2020  02:16 PM    <DIR>          ..
04/03/2020  01:40 PM    <DIR>          API
04/03/2020  02:16 PM    <DIR>          Core
04/03/2020  09:51 AM             1,716 skinet.sln
               1 File(s)          1,716 bytes
               4 Dir(s)  818,048,004,096 bytes free

E:\repos\skinet>dotnet new classlib -o Infrastructure
The template "Class library" was created successfully.

Processing post-creation actions...
Running 'dotnet restore' on Infrastructure\Infrastructure.csproj...
  Restore completed in 496.7 ms for E:\repos\skinet\Infrastructure\Infrastructure.csproj.

Restore succeeded.


E:\repos\skinet>dotnet sln add Core
Project `Core\Core.csproj` added to the solution.

E:\repos\skinet>dotnet sln add Infrastructure
Project `Infrastructure\Infrastructure.csproj` added to the solution.

E:\repos\skinet>dir
 Volume in drive E is Seagate Backup Plus Drive
 Volume Serial Number is 5EDF-4160

 Directory of E:\repos\skinet

04/03/2020  02:17 PM    <DIR>          .
04/03/2020  02:17 PM    <DIR>          ..
04/03/2020  01:40 PM    <DIR>          API
04/03/2020  02:16 PM    <DIR>          Core
04/03/2020  02:17 PM    <DIR>          Infrastructure
04/03/2020  02:18 PM             3,942 skinet.sln
               1 File(s)          3,942 bytes
               5 Dir(s)  818,047,770,624 bytes free

E:\repos\skinet>cd API

E:\repos\skinet\API>dotnet add reference ../Infrastructure
Reference `..\Infrastructure\Infrastructure.csproj` added to the project.

E:\repos\skinet\API>cd ..

E:\repos\skinet>cd Infrastructure

E:\repos\skinet\Infrastructure>dotnet add reference ../Core
Reference `..\Core\Core.csproj` added to the project.

E:\repos\skinet\Infrastructure>cd ..

E:\repos\skinet>dotnet restore
  Restore completed in 52.87 ms for E:\repos\skinet\Core\Core.csproj.
  Restore completed in 347.83 ms for E:\repos\skinet\Infrastructure\Infrastructure.csproj.
  Restore completed in 483.06 ms for E:\repos\skinet\API\API.csproj.

E:\repos\skinet>dotnet restore
  Restore completed in 39.24 ms for E:\repos\skinet\Infrastructure\Infrastructure.csproj.
  Restore completed in 39.24 ms for E:\repos\skinet\Core\Core.csproj.
  Restore completed in 42.87 ms for E:\repos\skinet\API\API.csproj.

E:\repos\skinet>git status
On branch master
nothing to commit, working tree clean

E:\repos\skinet>